MySQL Shell 8.0.34

Copyright (c) 2016, 2023, Oracle and/or its affiliates.
Oracle is a registered trademark of Oracle Corporation and/or its affiliates.
Other names may be trademarks of their respective owners.

Type '\help' or '\?' for help; '\quit' to exit.
 MySQL  JS > \sql
Switching to SQL mode... Commands end with ;
 MySQL  SQL > \connect root@localhost
Creating a session to 'root@localhost'
Fetching global names for auto-completion... Press ^C to stop.
Your MySQL connection id is 35
Server version: 5.6.51-log MySQL Community Server (GPL)
No default schema selected; type \use <schema> to set one.
 MySQL  localhost:3306  SQL > CREATE USER 'developer'@'localhost' IDENTIFIED BY 'Maicoldevelhope12.';
ERROR: 1396 (HY000): Operation CREATE USER failed for 'developer'@'localhost'
 MySQL  localhost:3306  SQL > DROP USER 'developer'@'localhost';
Query OK, 0 rows affected (0.0073 sec)
 MySQL  localhost:3306  SQL > FLUSH PRIVILEGES;
Query OK, 0 rows affected (0.0085 sec)
 MySQL  localhost:3306  SQL > CREATE user 'viewer'@'localhost' IDENTIFIED BY 'Maicoldevelhope12.';
Query OK, 0 rows affected (0.0105 sec)
 MySQL  localhost:3306  SQL > FLUSH PRIVILEGES;
Query OK, 0 rows affected (0.0102 sec)
 MySQL  localhost:3306  SQL > CREATE user 'viewer'@'localhost' IDENTIFIED BY 'passwordhere';
ERROR: 1396 (HY000): Operation CREATE USER failed for 'viewer'@'localhost'
 MySQL  localhost:3306  SQL > DROP USER 'viewer'@'localhost';
Query OK, 0 rows affected (0.0074 sec)
 MySQL  localhost:3306  SQL > FLUSH PRIVILEGES;
Query OK, 0 rows affected (0.0204 sec)
 MySQL  localhost:3306  SQL > CREATE user 'viewer'@'localhost' IDENTIFIED BY 'Maicoldevelhope12.';
Query OK, 0 rows affected (0.0110 sec)
 MySQL  localhost:3306  SQL > FLUSH PRIVILEGES;
Query OK, 0 rows affected (0.0111 sec)
 MySQL  localhost:3306  SQL > CREATE user 'writer'@'localhost' IDENTIFIED BY 'Maicoldevelhope12.';
Query OK, 0 rows affected (0.0127 sec)
 MySQL  localhost:3306  SQL > FLUSH PRIVILEGES;
Query OK, 0 rows affected (0.0135 sec)
 MySQL  localhost:3306  SQL > SELECT User from mysql.user;
+---------------+
| User          |
+---------------+
| app_developer |
| app_read      |
| app_write     |
| root          |
| root          |
|               |
| root          |
| viewer        |
| writer        |
+---------------+
9 rows in set (0.0036 sec)
 MySQL  localhost:3306  SQL > CREATE ROLE 'app_developer', 'app_read', 'app_write';
ERROR: 1064 (42000): You have an error in your SQL syntax; check the manual that corresponds to your MySQL server version for the right syntax to use near 'ROLE 'app_developer', 'app_read', 'app_write'' at line 1
 MySQL  localhost:3306  SQL > GRANT ALL ON *.* TO 'app_developer';
Query OK, 0 rows affected (0.0032 sec)
 MySQL  localhost:3306  SQL > FLUSH PRIVILEGES;
Query OK, 0 rows affected (0.0078 sec)
 MySQL  localhost:3306  SQL > GRANT SELECT ON *.* TO 'app_read';
Query OK, 0 rows affected (0.0033 sec)
 MySQL  localhost:3306  SQL >  FLUSH PRIVILEGES;
Query OK, 0 rows affected (0.0106 sec)
 MySQL  localhost:3306  SQL > GRANT INSERT, UPDATE, DELETE ON *.* TO 'app_write';
Query OK, 0 rows affected (0.0038 sec)
 MySQL  localhost:3306  SQL > FLUSH PRIVILEGES;
Query OK, 0 rows affected (0.0082 sec)
 MySQL  localhost:3306  SQL > CREATE DATABASE IF NOT EXISTS newdb;
Query OK, 1 row affected (0.0239 sec)
 MySQL  localhost:3306  SQL > FLUSH PRIVILEGES;
Query OK, 0 rows affected (0.0080 sec)
 MySQL  localhost:3306  SQL > GRANT ALL PRIVILEGES ON newdb . * TO 'developer'@'localhost';
Query OK, 0 rows affected (0.0036 sec)
 MySQL  localhost:3306  SQL > FLUSH PRIVILEGES;
Query OK, 0 rows affected (0.0066 sec)
 MySQL  localhost:3306  SQL > GRANT SELECT ON newdb.* TO 'viewer'@'localhost';
Query OK, 0 rows affected (0.0038 sec)
 MySQL  localhost:3306  SQL > FLUSH PRIVILEGES;
Query OK, 0 rows affected (0.0084 sec)
 MySQL  localhost:3306  SQL > GRANT INSERT, UPDATE, DELETE ON newdb.* TO 'writer'@'localhost';
Query OK, 0 rows affected (0.0083 sec)
 MySQL  localhost:3306  SQL >  FLUSH PRIVILEGES;
Query OK, 0 rows affected (0.0113 sec)
 MySQL  localhost:3306  SQL >